// Jest Snapshot v1, https://goo.gl/fbAQLP

exports[`Check snapshot 1`] = `
<div
  class="footer"
>
  Make fun with love
</div>
`;
